// Jest Snapshot v1, https://goo.gl/fbAQLP

exports[`Should render an ExpenseListItem 1`] = `
<div>
  <Link
    replace={false}
    to="/edit/2"
  >
    <h3>
      Lollipop
    </h3>
  </Link>
  <p>
    50
     - 
     
  </p>
</div>
`;
