// Jest Snapshot v1, https://goo.gl/fbAQLP

exports[`Should render a Not Found Page 1`] = `
<div>
  404!
</div>
`;
